******************************************************************************
                  TI ARM Linker PC v5.1.1                      
******************************************************************************
>> Linked Mon Feb 17 00:49:05 2014

OUTPUT FILE NAME:   <GyroProject.out>
ENTRY POINT SYMBOL: "_c_int00"  address: 00001315


MEMORY CONFIGURATION

         name            origin    length      used     unused   attr    fill
----------------------  --------  ---------  --------  --------  ----  --------
  FLASH                 00000000   00040000  00001996  0003e66a  R  X
  SRAM                  20000000   00008000  00000498  00007b68  RW X


SEGMENT ALLOCATION MAP

run origin  load origin   length   init length attrs members
----------  ----------- ---------- ----------- ----- -------
00000000    00000000    00001998   00001998    r-x
  00000000    00000000    0000026c   0000026c    r-- .intvecs
  0000026c    0000026c    000014d8   000014d8    r-x .text
  00001744    00001744    0000021a   0000021a    r-- .const
  00001960    00001960    00000038   00000038    r-- .cinit
20000000    20000000    00000498   00000000    rw-
  20000000    20000000    0000026c   00000000    rw- .vtable
  2000026c    2000026c    00000200   00000000    rw- .stack
  2000046c    2000046c    0000002c   00000000    rw- .data


SECTION ALLOCATION MAP

 output                                  attributes/
section   page    origin      length       input sections
--------  ----  ----------  ----------   ----------------
.intvecs   0    00000000    0000026c     
                  00000000    0000026c     startup_ccs.obj (.intvecs)

.init_array 
*          0    00000000    00000000     UNINITIALIZED

.text      0    0000026c    000014d8     
                  0000026c    0000020c     main.obj (.text:main)
                  00000478    000001ea     uartstdio.obj (.text:UARTvprintf)
                  00000662    000001b6     rtsv7M4_T_le_v4SPD16_eabi.lib : fd_add_t2.obj (.text)
                  00000818    00000136                                   : fd_div_t2.obj (.text)
                  0000094e    00000130     driverlib.lib : gpio.obj (.text:GPIOPadConfigSet)
                  00000a7e    00000002     startup_ccs.obj (.text:FaultISR)
                  00000a80    00000104     driverlib.lib : sysctl.obj (.text:SysCtlClockSet)
                  00000b84    000000fc     rtsv7M4_T_le_v4SPD16_eabi.lib : fd_mul_t2.obj (.text)
                  00000c80    000000ec     ports.obj (.text:PortFunctionInit)
                  00000d6c    000000c8     driverlib.lib : sysctl.obj (.text:SysCtlClockGet)
                  00000e34    0000009c     rtsv7M4_T_le_v4SPD16_eabi.lib : memcpy_t2.obj (.text)
                  00000ed0    00000094                                   : auto_init.obj (.text)
                  00000f64    00000080     gyro.obj (.text:Gyro_RegRead2)
                  00000fe4    00000060     driverlib.lib : interrupt.obj (.text:IntEnable)
                  00001044    00000060     uartstdio.obj (.text:UARTStdioConfig)
                  000010a4    0000005e     rtsv7M4_T_le_v4SPD16_eabi.lib : copy_decompress_rle.obj (.text)
                  00001102    00000002     startup_ccs.obj (.text:IntDefaultHandler)
                  00001104    00000054     gyro.obj (.text:Gyro_RegRead)
                  00001158    0000004c     gyro.obj (.text:Gyro_RegWrite)
                  000011a4    0000004c     slave.obj (.text:I2C3IntHandler)
                  000011f0    0000004a     rtsv7M4_T_le_v4SPD16_eabi.lib : fd_tos_t2.obj (.text)
                  0000123a    00000002     startup_ccs.obj (.text:NmiSR)
                  0000123c    00000048     driverlib.lib : gpio.obj (.text:GPIOPinConfigure)
                  00001284    00000048                   : i2c.obj (.text:I2CMasterInitExpClk)
                  000012cc    00000048     uartstdio.obj (.text:UARTwrite)
                  00001314    00000048     rtsv7M4_T_le_v4SPD16_eabi.lib : boot.obj (.text)
                  0000135c    00000044                                   : cpy_tbl.obj (.text)
                  000013a0    00000044                                   : exit.obj (.text)
                  000013e4    00000042                                   : u_divt2.obj (.text)
                  00001426    00000002     --HOLE-- [fill = 0]
                  00001428    00000040     driverlib.lib : i2c.obj (.text:_I2CIntNumberGet)
                  00001468    0000003c     slave.obj (.text:Slave_Configure)
                  000014a4    00000038     rtsv7M4_T_le_v4SPD16_eabi.lib : fs_tod_t2.obj (.text)
                  000014dc    00000034     driverlib.lib : interrupt.obj (.text:IntRegister)
                  00001510    00000034     led.obj (.text:LED_DoBlink)
                  00001544    00000034     driverlib.lib : sysctl.obj (.text:SysCtlPeripheralEnable)
                  00001578    0000002a                   : gpio.obj (.text:GPIODirModeSet)
                  000015a2    00000002     --HOLE-- [fill = 0]
                  000015a4    00000020     uart.obj (.text:UART_Configure)
                  000015c4    0000001a     uartstdio.obj (.text:UARTprintf)
                  000015de    00000018     driverlib.lib : gpio.obj (.text:GPIOPinTypeGPIOOutput)
                  000015f6    00000002     --HOLE-- [fill = 0]
                  000015f8    00000018     gyro.obj (.text:Gyro_Configure)
                  00001610    00000018     driverlib.lib : i2c.obj (.text:I2CIntRegister)
                  00001628    00000018     rtsv7M4_T_le_v4SPD16_eabi.lib : args_main.obj (.text)
                  00001640    00000014                                   : _lock.obj (.text)
                  00001654    00000012     driverlib.lib : gpio.obj (.text:GPIOPinTypeGPIOInput)
                  00001666    00000012                   : gpio.obj (.text:GPIOPinTypeI2C)
                  00001678    00000012                   : gpio.obj (.text:GPIOPinTypeI2CSCL)
                  0000168a    00000012                   : gpio.obj (.text:GPIOPinTypeUART)
                  0000169c    00000012     rtsv7M4_T_le_v4SPD16_eabi.lib : copy_zero_init.obj (.text:decompress:ZI)
                  000016ae    00000010     driverlib.lib : i2c.obj (.text:I2CSlaveEnable)
                  000016be    0000000e                   : i2c.obj (.text:I2CSlaveInit)
                  000016cc    0000000e     rtsv7M4_T_le_v4SPD16_eabi.lib : copy_decompress_none.obj (.text:decompress:none)
                  000016da    0000000c     driverlib.lib : i2c.obj (.text:I2CSlaveIntEnableEx)
                  000016e6    00000002     --HOLE-- [fill = 0]
                  000016e8    0000000c     slave.obj (.text:Slave_SetLatestValue)
                  000016f4    0000000a     driverlib.lib : i2c.obj (.text:I2CMasterEnable)
                  000016fe    00000008                   : i2c.obj (.text:I2CMasterBusy)
                  00001706    00000008                   : i2c.obj (.text:I2CMasterSlaveAddrSet)
                  0000170e    00000006                   : gpio.obj (.text:GPIOPinRead)
                  00001714    00000006                   : gpio.obj (.text:GPIOPinWrite)
                  0000171a    00000006                   : i2c.obj (.text:I2CSlaveDataPut)
                  00001720    00000006     startup_ccs.obj (.text:ResetISR)
                  00001726    00000006     driverlib.lib : sysctl.obj (.text:SysCtlDelay)
                  0000172c    00000006                   : uart.obj (.text:UARTClockSourceSet)
                  00001732    00000006     rtsv7M4_T_le_v4SPD16_eabi.lib : copy_decompress_rle.obj (.text:decompress:rle24)
                  00001738    00000004     driverlib.lib : i2c.obj (.text:I2CMasterControl)
                  0000173c    00000004                   : i2c.obj (.text:I2CMasterDataGet)
                  00001740    00000004                   : i2c.obj (.text:I2CMasterDataPut)

.const     0    00001744    0000021a     
                  00001744    00000090     driverlib.lib : gpio.obj (.const:g_pui32GPIOBaseAddrs)
                  000017d4    00000070                   : interrupt.obj (.const)
                  00001844    0000006c                   : sysctl.obj (.const:g_pui32Xtals)
                  000018b0    00000050                   : i2c.obj (.const:g_ppui32I2CIntMapSnowflake)
                  00001900    00000030                   : i2c.obj (.const:g_ppui32I2CIntMap)
                  00001930    0000001c     uartstdio.obj (.const)
                  0000194c    00000012     uartstdio.obj (.const:.string)

.cinit     0    00001960    00000038     
                  00001960    00000014     (.cinit..data.load) [load image, compression = rle]
                  00001974    0000000c     (__TI_handler_table)
                  00001980    00000008     (.cinit..vtable.load) [load image, compression = zero_init]
                  00001988    00000010     (__TI_cinit_table)

.vtable    0    20000000    0000026c     UNINITIALIZED
                  20000000    0000026c     driverlib.lib : interrupt.obj (.vtable)

.stack     0    2000026c    00000200     UNINITIALIZED
                  2000026c    00000200     --HOLE--

.data      0    2000046c    0000002c     UNINITIALIZED
                  2000046c    0000000c     slave.obj (.data)
                  20000478    00000008     rtsv7M4_T_le_v4SPD16_eabi.lib : _lock.obj (.data)
                  20000480    00000008                                   : exit.obj (.data)
                  20000488    00000005     uartstdio.obj (.data)
                  2000048d    00000003     --HOLE--
                  20000490    00000004     led.obj (.data)
                  20000494    00000004     rtsv7M4_T_le_v4SPD16_eabi.lib : stkdepth_vars.obj (.data)


LINKER GENERATED COPY TABLES

__TI_cinit_table @ 00001988 records: 2, size/record: 8, table size: 16
	.data: load addr=00001960, load size=00000014 bytes, run addr=2000046c, run size=0000002c bytes, compression=rle
	.vtable: load addr=00001980, load size=00000008 bytes, run addr=20000000, run size=0000026c bytes, compression=zero_init


LINKER GENERATED HANDLER TABLE

__TI_handler_table @ 00001974 records: 3, size/record: 4, table size: 12
	index: 0, handler: __TI_zero_init
	index: 1, handler: __TI_decompress_rle24
	index: 2, handler: __TI_decompress_none


GLOBAL SYMBOLS: SORTED ALPHABETICALLY BY Name 

address    name
--------   ----
000013a1   C$$EXIT
00001579   GPIODirModeSet
0000094f   GPIOPadConfigSet
0000123d   GPIOPinConfigure
0000170f   GPIOPinRead
00001655   GPIOPinTypeGPIOInput
000015df   GPIOPinTypeGPIOOutput
00001667   GPIOPinTypeI2C
00001679   GPIOPinTypeI2CSCL
0000168b   GPIOPinTypeUART
00001715   GPIOPinWrite
000015f9   Gyro_Configure
00001105   Gyro_RegRead
00000f65   Gyro_RegRead2
00001159   Gyro_RegWrite
000011a5   I2C3IntHandler
00001611   I2CIntRegister
000016ff   I2CMasterBusy
00001739   I2CMasterControl
0000173d   I2CMasterDataGet
00001741   I2CMasterDataPut
000016f5   I2CMasterEnable
00001285   I2CMasterInitExpClk
00001707   I2CMasterSlaveAddrSet
0000171b   I2CSlaveDataPut
000016af   I2CSlaveEnable
000016bf   I2CSlaveInit
000016db   I2CSlaveIntEnableEx
00000fe5   IntEnable
000014dd   IntRegister
00001511   LED_DoBlink
2000046c   LatestValue
00000c81   PortFunctionInit
00001721   ResetISR
UNDEFED    SHT$$INIT_ARRAY$$Base
UNDEFED    SHT$$INIT_ARRAY$$Limit
00001469   Slave_Configure
000016e9   Slave_SetLatestValue
00000d6d   SysCtlClockGet
00000a81   SysCtlClockSet
00001727   SysCtlDelay
00001545   SysCtlPeripheralEnable
0000172d   UARTClockSourceSet
00001045   UARTStdioConfig
000015a5   UART_Configure
000015c5   UARTprintf
00000479   UARTvprintf
000012cd   UARTwrite
2000046c   __STACK_END
00000200   __STACK_SIZE
2000046c   __STACK_TOP
00001988   __TI_CINIT_Base
00001998   __TI_CINIT_Limit
00001974   __TI_Handler_Table_Base
00001980   __TI_Handler_Table_Limit
00000001   __TI_args_main
00000ed1   __TI_auto_init
20000480   __TI_cleanup_ptr
000016cd   __TI_decompress_none
00001733   __TI_decompress_rle24
20000484   __TI_dtors_ptr
00000000   __TI_static_base__
0000169d   __TI_zero_init
000011f1   __aeabi_d2f
0000066d   __aeabi_dadd
00000819   __aeabi_ddiv
00000b85   __aeabi_dmul
00000663   __aeabi_dsub
000014a5   __aeabi_f2d
00000e35   __aeabi_memcpy
00000e35   __aeabi_memcpy4
00000e35   __aeabi_memcpy8
000013e5   __aeabi_uidivmod
ffffffff   __binit__
ffffffff   __c_args__
2000026c   __stack
00001629   _args_main
00001315   _c_int00
20000478   _lock
0000164f   _nop
00001647   _register_lock
00001641   _register_unlock
2000047c   _unlock
000013a5   abort
ffffffff   binit
20000490   blinkCounter
0000135d   copy_in
000013ad   exit
20000000   g_pfnRAMVectors
00000000   g_pfnVectors
0000026d   main
20000494   main_func_sp
00000e35   memcpy
20000470   transmitBuffer
20000474   transmitIndex


GLOBAL SYMBOLS: SORTED BY Symbol Address 

address    name
--------   ----
00000000   __TI_static_base__
00000000   g_pfnVectors
00000001   __TI_args_main
00000200   __STACK_SIZE
0000026d   main
00000479   UARTvprintf
00000663   __aeabi_dsub
0000066d   __aeabi_dadd
00000819   __aeabi_ddiv
0000094f   GPIOPadConfigSet
00000a81   SysCtlClockSet
00000b85   __aeabi_dmul
00000c81   PortFunctionInit
00000d6d   SysCtlClockGet
00000e35   __aeabi_memcpy
00000e35   __aeabi_memcpy4
00000e35   __aeabi_memcpy8
00000e35   memcpy
00000ed1   __TI_auto_init
00000f65   Gyro_RegRead2
00000fe5   IntEnable
00001045   UARTStdioConfig
00001105   Gyro_RegRead
00001159   Gyro_RegWrite
000011a5   I2C3IntHandler
000011f1   __aeabi_d2f
0000123d   GPIOPinConfigure
00001285   I2CMasterInitExpClk
000012cd   UARTwrite
00001315   _c_int00
0000135d   copy_in
000013a1   C$$EXIT
000013a5   abort
000013ad   exit
000013e5   __aeabi_uidivmod
00001469   Slave_Configure
000014a5   __aeabi_f2d
000014dd   IntRegister
00001511   LED_DoBlink
00001545   SysCtlPeripheralEnable
00001579   GPIODirModeSet
000015a5   UART_Configure
000015c5   UARTprintf
000015df   GPIOPinTypeGPIOOutput
000015f9   Gyro_Configure
00001611   I2CIntRegister
00001629   _args_main
00001641   _register_unlock
00001647   _register_lock
0000164f   _nop
00001655   GPIOPinTypeGPIOInput
00001667   GPIOPinTypeI2C
00001679   GPIOPinTypeI2CSCL
0000168b   GPIOPinTypeUART
0000169d   __TI_zero_init
000016af   I2CSlaveEnable
000016bf   I2CSlaveInit
000016cd   __TI_decompress_none
000016db   I2CSlaveIntEnableEx
000016e9   Slave_SetLatestValue
000016f5   I2CMasterEnable
000016ff   I2CMasterBusy
00001707   I2CMasterSlaveAddrSet
0000170f   GPIOPinRead
00001715   GPIOPinWrite
0000171b   I2CSlaveDataPut
00001721   ResetISR
00001727   SysCtlDelay
0000172d   UARTClockSourceSet
00001733   __TI_decompress_rle24
00001739   I2CMasterControl
0000173d   I2CMasterDataGet
00001741   I2CMasterDataPut
00001974   __TI_Handler_Table_Base
00001980   __TI_Handler_Table_Limit
00001988   __TI_CINIT_Base
00001998   __TI_CINIT_Limit
20000000   g_pfnRAMVectors
2000026c   __stack
2000046c   LatestValue
2000046c   __STACK_END
2000046c   __STACK_TOP
20000470   transmitBuffer
20000474   transmitIndex
20000478   _lock
2000047c   _unlock
20000480   __TI_cleanup_ptr
20000484   __TI_dtors_ptr
20000490   blinkCounter
20000494   main_func_sp
ffffffff   __binit__
ffffffff   __c_args__
ffffffff   binit
UNDEFED    SHT$$INIT_ARRAY$$Base
UNDEFED    SHT$$INIT_ARRAY$$Limit

[95 symbols]
