******************************************************************************
                  TI ARM Linker PC v5.1.1                      
******************************************************************************
>> Linked Mon Feb 17 19:31:12 2014

OUTPUT FILE NAME:   <GyroProject.out>
ENTRY POINT SYMBOL: "_c_int00"  address: 00001369


MEMORY CONFIGURATION

         name            origin    length      used     unused   attr    fill
----------------------  --------  ---------  --------  --------  ----  --------
  FLASH                 00000000   00040000  000019ea  0003e616  R  X
  SRAM                  20000000   00008000  00000498  00007b68  RW X


SEGMENT ALLOCATION MAP

run origin  load origin   length   init length attrs members
----------  ----------- ---------- ----------- ----- -------
00000000    00000000    000019f0   000019f0    r-x
  00000000    00000000    0000026c   0000026c    r-- .intvecs
  0000026c    0000026c    0000152c   0000152c    r-x .text
  00001798    00001798    0000021a   0000021a    r-- .const
  000019b8    000019b8    00000038   00000038    r-- .cinit
20000000    20000000    00000498   00000000    rw-
  20000000    20000000    0000026c   00000000    rw- .vtable
  2000026c    2000026c    00000200   00000000    rw- .stack
  2000046c    2000046c    0000002c   00000000    rw- .data


SECTION ALLOCATION MAP

 output                                  attributes/
section   page    origin      length       input sections
--------  ----  ----------  ----------   ----------------
.intvecs   0    00000000    0000026c     
                  00000000    0000026c     startup_ccs.obj (.intvecs)

.init_array 
*          0    00000000    00000000     UNINITIALIZED

.text      0    0000026c    0000152c     
                  0000026c    00000260     main.obj (.text:main)
                  000004cc    000001ea     uartstdio.obj (.text:UARTvprintf)
                  000006b6    000001b6     rtsv7M4_T_le_v4SPD16_eabi.lib : fd_add_t2.obj (.text)
                  0000086c    00000136                                   : fd_div_t2.obj (.text)
                  000009a2    00000130     driverlib.lib : gpio.obj (.text:GPIOPadConfigSet)
                  00000ad2    00000002     startup_ccs.obj (.text:FaultISR)
                  00000ad4    00000104     driverlib.lib : sysctl.obj (.text:SysCtlClockSet)
                  00000bd8    000000fc     rtsv7M4_T_le_v4SPD16_eabi.lib : fd_mul_t2.obj (.text)
                  00000cd4    000000ec     ports.obj (.text:PortFunctionInit)
                  00000dc0    000000c8     driverlib.lib : sysctl.obj (.text:SysCtlClockGet)
                  00000e88    0000009c     rtsv7M4_T_le_v4SPD16_eabi.lib : memcpy_t2.obj (.text)
                  00000f24    00000094                                   : auto_init.obj (.text)
                  00000fb8    00000080     gyro.obj (.text:Gyro_RegRead2)
                  00001038    00000060     driverlib.lib : interrupt.obj (.text:IntEnable)
                  00001098    00000060     uartstdio.obj (.text:UARTStdioConfig)
                  000010f8    0000005e     rtsv7M4_T_le_v4SPD16_eabi.lib : copy_decompress_rle.obj (.text)
                  00001156    00000002     startup_ccs.obj (.text:IntDefaultHandler)
                  00001158    00000054     gyro.obj (.text:Gyro_RegRead)
                  000011ac    0000004c     gyro.obj (.text:Gyro_RegWrite)
                  000011f8    0000004c     slave.obj (.text:I2C3IntHandler)
                  00001244    0000004a     rtsv7M4_T_le_v4SPD16_eabi.lib : fd_tos_t2.obj (.text)
                  0000128e    00000002     startup_ccs.obj (.text:NmiSR)
                  00001290    00000048     driverlib.lib : gpio.obj (.text:GPIOPinConfigure)
                  000012d8    00000048                   : i2c.obj (.text:I2CMasterInitExpClk)
                  00001320    00000048     uartstdio.obj (.text:UARTwrite)
                  00001368    00000048     rtsv7M4_T_le_v4SPD16_eabi.lib : boot.obj (.text)
                  000013b0    00000044                                   : cpy_tbl.obj (.text)
                  000013f4    00000044                                   : exit.obj (.text)
                  00001438    00000042                                   : u_divt2.obj (.text)
                  0000147a    00000002     --HOLE-- [fill = 0]
                  0000147c    00000040     driverlib.lib : i2c.obj (.text:_I2CIntNumberGet)
                  000014bc    0000003c     slave.obj (.text:Slave_Configure)
                  000014f8    00000038     rtsv7M4_T_le_v4SPD16_eabi.lib : fs_tod_t2.obj (.text)
                  00001530    00000034     driverlib.lib : interrupt.obj (.text:IntRegister)
                  00001564    00000034     led.obj (.text:LED_DoBlink)
                  00001598    00000034     driverlib.lib : sysctl.obj (.text:SysCtlPeripheralEnable)
                  000015cc    0000002a                   : gpio.obj (.text:GPIODirModeSet)
                  000015f6    00000002     --HOLE-- [fill = 0]
                  000015f8    00000020     uart.obj (.text:UART_Configure)
                  00001618    0000001a     uartstdio.obj (.text:UARTprintf)
                  00001632    00000018     driverlib.lib : gpio.obj (.text:GPIOPinTypeGPIOOutput)
                  0000164a    00000002     --HOLE-- [fill = 0]
                  0000164c    00000018     gyro.obj (.text:Gyro_Configure)
                  00001664    00000018     driverlib.lib : i2c.obj (.text:I2CIntRegister)
                  0000167c    00000018     rtsv7M4_T_le_v4SPD16_eabi.lib : args_main.obj (.text)
                  00001694    00000014                                   : _lock.obj (.text)
                  000016a8    00000012     driverlib.lib : gpio.obj (.text:GPIOPinTypeGPIOInput)
                  000016ba    00000012                   : gpio.obj (.text:GPIOPinTypeI2C)
                  000016cc    00000012                   : gpio.obj (.text:GPIOPinTypeI2CSCL)
                  000016de    00000012                   : gpio.obj (.text:GPIOPinTypeUART)
                  000016f0    00000012     rtsv7M4_T_le_v4SPD16_eabi.lib : copy_zero_init.obj (.text:decompress:ZI)
                  00001702    00000010     driverlib.lib : i2c.obj (.text:I2CSlaveEnable)
                  00001712    0000000e                   : i2c.obj (.text:I2CSlaveInit)
                  00001720    0000000e     rtsv7M4_T_le_v4SPD16_eabi.lib : copy_decompress_none.obj (.text:decompress:none)
                  0000172e    0000000c     driverlib.lib : i2c.obj (.text:I2CSlaveIntEnableEx)
                  0000173a    00000002     --HOLE-- [fill = 0]
                  0000173c    0000000c     slave.obj (.text:Slave_SetLatestValue)
                  00001748    0000000a     driverlib.lib : i2c.obj (.text:I2CMasterEnable)
                  00001752    00000008                   : i2c.obj (.text:I2CMasterBusy)
                  0000175a    00000008                   : i2c.obj (.text:I2CMasterSlaveAddrSet)
                  00001762    00000006                   : gpio.obj (.text:GPIOPinRead)
                  00001768    00000006                   : gpio.obj (.text:GPIOPinWrite)
                  0000176e    00000006                   : i2c.obj (.text:I2CSlaveDataPut)
                  00001774    00000006     startup_ccs.obj (.text:ResetISR)
                  0000177a    00000006     driverlib.lib : sysctl.obj (.text:SysCtlDelay)
                  00001780    00000006                   : uart.obj (.text:UARTClockSourceSet)
                  00001786    00000006     rtsv7M4_T_le_v4SPD16_eabi.lib : copy_decompress_rle.obj (.text:decompress:rle24)
                  0000178c    00000004     driverlib.lib : i2c.obj (.text:I2CMasterControl)
                  00001790    00000004                   : i2c.obj (.text:I2CMasterDataGet)
                  00001794    00000004                   : i2c.obj (.text:I2CMasterDataPut)

.const     0    00001798    0000021a     
                  00001798    00000090     driverlib.lib : gpio.obj (.const:g_pui32GPIOBaseAddrs)
                  00001828    00000070                   : interrupt.obj (.const)
                  00001898    0000006c                   : sysctl.obj (.const:g_pui32Xtals)
                  00001904    00000050                   : i2c.obj (.const:g_ppui32I2CIntMapSnowflake)
                  00001954    00000030                   : i2c.obj (.const:g_ppui32I2CIntMap)
                  00001984    0000001c     uartstdio.obj (.const)
                  000019a0    00000012     uartstdio.obj (.const:.string)

.cinit     0    000019b8    00000038     
                  000019b8    00000014     (.cinit..data.load) [load image, compression = rle]
                  000019cc    0000000c     (__TI_handler_table)
                  000019d8    00000008     (.cinit..vtable.load) [load image, compression = zero_init]
                  000019e0    00000010     (__TI_cinit_table)

.vtable    0    20000000    0000026c     UNINITIALIZED
                  20000000    0000026c     driverlib.lib : interrupt.obj (.vtable)

.stack     0    2000026c    00000200     UNINITIALIZED
                  2000026c    00000200     --HOLE--

.data      0    2000046c    0000002c     UNINITIALIZED
                  2000046c    0000000c     slave.obj (.data)
                  20000478    00000008     rtsv7M4_T_le_v4SPD16_eabi.lib : _lock.obj (.data)
                  20000480    00000008                                   : exit.obj (.data)
                  20000488    00000005     uartstdio.obj (.data)
                  2000048d    00000003     --HOLE--
                  20000490    00000004     led.obj (.data)
                  20000494    00000004     rtsv7M4_T_le_v4SPD16_eabi.lib : stkdepth_vars.obj (.data)


LINKER GENERATED COPY TABLES

__TI_cinit_table @ 000019e0 records: 2, size/record: 8, table size: 16
	.data: load addr=000019b8, load size=00000014 bytes, run addr=2000046c, run size=0000002c bytes, compression=rle
	.vtable: load addr=000019d8, load size=00000008 bytes, run addr=20000000, run size=0000026c bytes, compression=zero_init


LINKER GENERATED HANDLER TABLE

__TI_handler_table @ 000019cc records: 3, size/record: 4, table size: 12
	index: 0, handler: __TI_zero_init
	index: 1, handler: __TI_decompress_rle24
	index: 2, handler: __TI_decompress_none


GLOBAL SYMBOLS: SORTED ALPHABETICALLY BY Name 

address    name
--------   ----
000013f5   C$$EXIT
000015cd   GPIODirModeSet
000009a3   GPIOPadConfigSet
00001291   GPIOPinConfigure
00001763   GPIOPinRead
000016a9   GPIOPinTypeGPIOInput
00001633   GPIOPinTypeGPIOOutput
000016bb   GPIOPinTypeI2C
000016cd   GPIOPinTypeI2CSCL
000016df   GPIOPinTypeUART
00001769   GPIOPinWrite
0000164d   Gyro_Configure
00001159   Gyro_RegRead
00000fb9   Gyro_RegRead2
000011ad   Gyro_RegWrite
000011f9   I2C3IntHandler
00001665   I2CIntRegister
00001753   I2CMasterBusy
0000178d   I2CMasterControl
00001791   I2CMasterDataGet
00001795   I2CMasterDataPut
00001749   I2CMasterEnable
000012d9   I2CMasterInitExpClk
0000175b   I2CMasterSlaveAddrSet
0000176f   I2CSlaveDataPut
00001703   I2CSlaveEnable
00001713   I2CSlaveInit
0000172f   I2CSlaveIntEnableEx
00001039   IntEnable
00001531   IntRegister
00001565   LED_DoBlink
2000046c   LatestValue
00000cd5   PortFunctionInit
00001775   ResetISR
UNDEFED    SHT$$INIT_ARRAY$$Base
UNDEFED    SHT$$INIT_ARRAY$$Limit
000014bd   Slave_Configure
0000173d   Slave_SetLatestValue
00000dc1   SysCtlClockGet
00000ad5   SysCtlClockSet
0000177b   SysCtlDelay
00001599   SysCtlPeripheralEnable
00001781   UARTClockSourceSet
00001099   UARTStdioConfig
000015f9   UART_Configure
00001619   UARTprintf
000004cd   UARTvprintf
00001321   UARTwrite
2000046c   __STACK_END
00000200   __STACK_SIZE
2000046c   __STACK_TOP
000019e0   __TI_CINIT_Base
000019f0   __TI_CINIT_Limit
000019cc   __TI_Handler_Table_Base
000019d8   __TI_Handler_Table_Limit
00000001   __TI_args_main
00000f25   __TI_auto_init
20000480   __TI_cleanup_ptr
00001721   __TI_decompress_none
00001787   __TI_decompress_rle24
20000484   __TI_dtors_ptr
00000000   __TI_static_base__
000016f1   __TI_zero_init
00001245   __aeabi_d2f
000006c1   __aeabi_dadd
0000086d   __aeabi_ddiv
00000bd9   __aeabi_dmul
000006b7   __aeabi_dsub
000014f9   __aeabi_f2d
00000e89   __aeabi_memcpy
00000e89   __aeabi_memcpy4
00000e89   __aeabi_memcpy8
00001439   __aeabi_uidivmod
ffffffff   __binit__
ffffffff   __c_args__
2000026c   __stack
0000167d   _args_main
00001369   _c_int00
20000478   _lock
000016a3   _nop
0000169b   _register_lock
00001695   _register_unlock
2000047c   _unlock
000013f9   abort
ffffffff   binit
20000490   blinkCounter
000013b1   copy_in
00001401   exit
20000000   g_pfnRAMVectors
00000000   g_pfnVectors
0000026d   main
20000494   main_func_sp
00000e89   memcpy
20000470   transmitBuffer
20000474   transmitIndex


GLOBAL SYMBOLS: SORTED BY Symbol Address 

address    name
--------   ----
00000000   __TI_static_base__
00000000   g_pfnVectors
00000001   __TI_args_main
00000200   __STACK_SIZE
0000026d   main
000004cd   UARTvprintf
000006b7   __aeabi_dsub
000006c1   __aeabi_dadd
0000086d   __aeabi_ddiv
000009a3   GPIOPadConfigSet
00000ad5   SysCtlClockSet
00000bd9   __aeabi_dmul
00000cd5   PortFunctionInit
00000dc1   SysCtlClockGet
00000e89   __aeabi_memcpy
00000e89   __aeabi_memcpy4
00000e89   __aeabi_memcpy8
00000e89   memcpy
00000f25   __TI_auto_init
00000fb9   Gyro_RegRead2
00001039   IntEnable
00001099   UARTStdioConfig
00001159   Gyro_RegRead
000011ad   Gyro_RegWrite
000011f9   I2C3IntHandler
00001245   __aeabi_d2f
00001291   GPIOPinConfigure
000012d9   I2CMasterInitExpClk
00001321   UARTwrite
00001369   _c_int00
000013b1   copy_in
000013f5   C$$EXIT
000013f9   abort
00001401   exit
00001439   __aeabi_uidivmod
000014bd   Slave_Configure
000014f9   __aeabi_f2d
00001531   IntRegister
00001565   LED_DoBlink
00001599   SysCtlPeripheralEnable
000015cd   GPIODirModeSet
000015f9   UART_Configure
00001619   UARTprintf
00001633   GPIOPinTypeGPIOOutput
0000164d   Gyro_Configure
00001665   I2CIntRegister
0000167d   _args_main
00001695   _register_unlock
0000169b   _register_lock
000016a3   _nop
000016a9   GPIOPinTypeGPIOInput
000016bb   GPIOPinTypeI2C
000016cd   GPIOPinTypeI2CSCL
000016df   GPIOPinTypeUART
000016f1   __TI_zero_init
00001703   I2CSlaveEnable
00001713   I2CSlaveInit
00001721   __TI_decompress_none
0000172f   I2CSlaveIntEnableEx
0000173d   Slave_SetLatestValue
00001749   I2CMasterEnable
00001753   I2CMasterBusy
0000175b   I2CMasterSlaveAddrSet
00001763   GPIOPinRead
00001769   GPIOPinWrite
0000176f   I2CSlaveDataPut
00001775   ResetISR
0000177b   SysCtlDelay
00001781   UARTClockSourceSet
00001787   __TI_decompress_rle24
0000178d   I2CMasterControl
00001791   I2CMasterDataGet
00001795   I2CMasterDataPut
000019cc   __TI_Handler_Table_Base
000019d8   __TI_Handler_Table_Limit
000019e0   __TI_CINIT_Base
000019f0   __TI_CINIT_Limit
20000000   g_pfnRAMVectors
2000026c   __stack
2000046c   LatestValue
2000046c   __STACK_END
2000046c   __STACK_TOP
20000470   transmitBuffer
20000474   transmitIndex
20000478   _lock
2000047c   _unlock
20000480   __TI_cleanup_ptr
20000484   __TI_dtors_ptr
20000490   blinkCounter
20000494   main_func_sp
ffffffff   __binit__
ffffffff   __c_args__
ffffffff   binit
UNDEFED    SHT$$INIT_ARRAY$$Base
UNDEFED    SHT$$INIT_ARRAY$$Limit

[95 symbols]
